ExpansionTraderMirek.Exchange|6583.22 294.784 7027.67|248.381 0.000000 0.000000
ExpansionTraderMirek.Vehicles|5555.22 78.3045 9301.07|245.093 0.000000 -0.000000|SurgicalMask,WorkingBoots_Brown,BaseballCap_Beige,ReflexVest,QuiltedJacket_Grey,CargoPants_Grey
ExpansionTraderMirek.Vehicles|8615.83 437.675 3746.52|357.08 0.000000 -0.000000|SurgicalMask,WorkingBoots_Brown,BaseballCap_Beige,ReflexVest,QuiltedJacket_Grey,CargoPants_Grey
ExpansionTraderGabi.Clothing|6597.81 298.37 7017.23|24.0207 0.000000 -0.000000|Sweater_Red,JumpsuitPants_Blue,CombatBoots_Grey,Armband_White,WorkingGloves_Beige,WitchHood_Black
ExpansionTraderJose.Clothing_Accessories|6593.97 298.37 7022.61|64.2023 0.000000 -0.000000|WorkingBoots_Brown,JumpsuitPants_Grey,TelnyashkaShirt,CourierBag,BeanieHat_Black
ExpansionTraderNiki.Weapons|6616.5 294.784 7015.99|248.315 0.000000 0.000000|HuntingJacket_Autumn,HunterPants_Autumn,LeatherSack_Black,Bandana_CamoPattern,JungleBoots_Brown
ExpansionTraderNaomi.Attachments|6610.62 294.784 7015.32|66.223 0.000000 0.000000|Bandana_Greenpattern,MilitaryBoots_Black,USMCJacket_Desert,NBCPantsGray,JungleBoots_Brown    
ExpansionTraderTaiki.Consumables|6590.92 294.784 7024.33|21.7741 0.000000 0.000000|HuntingBag,WoolCoat_GreyCheck,RadarCap_Blue,PrisonUniformPants,JoggingShoes_White    
ExpansionTraderMaria.Medicals|6590.72 294.784 7031.61|158.553 0.000000 0.000000|MedicalScrubsHat_White,MedicalScrubsPants_Blue,SurgicalMask,ParamedicJacket_Blue,AthleticShoes_Black,DryBag_Black    
ExpansionTraderHassan.BuildingSupplies|6571.82 293.817 6991.11|304.897 0.000000 -0.000000|M65Jacket_Khaki,JumpsuitPants_Grey,CombatBoots_Beige,MountainBag_Green
ExpansionTraderIndar.Components|4618.460938 4.880429 12326.843750|-138.747574 0.000000 -0.000000|ExpansionCowboyHatRattleSnake,LeatherSack_Beige,USMCPants_Desert,ExpansionRidersJacketBrown,WorkingBoots_Yellow
ExpansionTraderEva.Special|6615.4 294.784 7018.73|246.353 0.000000 -0.000000|BalaclavaMask_Beige,MilitaryBelt,HunterPants_Brown,ExpansionMich2001Desert,MilitaryBoots_Brown,ExpansionDesertTortilla,USMCJacket_Desert